tools/archtest/testdata/slog_capture_funnel_fixtures/disallowed_caller_red/usage.go:16: healthtest.NewCapture mutates global slog.Default() (races parallel siblings under async log writes, #1490); only {runtime/bootstrap, cmd/corebundle, runtime/http/health/healthtest} may call it — component tests use healthtest.NewLoggerCapture() + WithLogger injection
