tools/archtest/testdata/eventually_funnel_fixtures/require_eventually_collect_red/usage.go:24: bare require.EventuallyWithT call — use testwait.External(t, reason, ...) for synchronous polling or testwait.Deterministic(t, ch, ...) for channel waits (see github.com/ghbvf/gocell/pkg/testutil/testwait or run: go doc ./pkg/testutil/testwait)
