tools/archtest/testdata/saga_slog_instance_fields_fixtures/red_bare_instance_id/violator.go:16: SAGA-SLOG-INSTANCE-FIELDS-CALLER-01: slog.String("instance_id"|"lease_id", …) outside sagalog.InstanceFields — route every per-instance saga log through sagalog.InstanceFields so lease_id is structurally guaranteed (#1266) (key="instance_id")
