tools/archtest/testdata/span_setattr_redact_fixtures/violates_string_order/span.go:29: safeStringAttr trailing return expr must be attribute.String(key, redaction.TruncateString(redaction.RedactString(raw), attrValueMaxLen)) — Redact MUST precede Truncate; arg identities must match formal params (SPAN-SETATTR-REDACT-01 A3b)
