tools/archtest/testdata/prod_main_wiring_noop_fixtures/red_qualified/violator.go:15: PROD-MAIN-WIRING-NOOP-REJECT-01: framework/kernel/outbox.NoopWriter is constructed or referenced in a production composition-root (main) package; production wiring must not directly mint a raw noop/degraded event sink (a pool/cell probe cannot see a main-package noop minted before cell Init). Route demo wiring through the sealed funnel or wire real infra: outbox.DemoCellEmitter() (sealed demo funnel) or a real outbox.Writer.
tools/archtest/testdata/prod_main_wiring_noop_fixtures/red_qualified/violator.go:16: PROD-MAIN-WIRING-NOOP-REJECT-01: framework/kernel/outbox.NewNoopEmitter is constructed or referenced in a production composition-root (main) package; production wiring must not directly mint a raw noop/degraded event sink (a pool/cell probe cannot see a main-package noop minted before cell Init). Route demo wiring through the sealed funnel or wire real infra: outbox.DemoCellEmitter() (sealed demo funnel) or outbox.ResolveEmitter.
tools/archtest/testdata/prod_main_wiring_noop_fixtures/red_qualified/violator.go:17: PROD-MAIN-WIRING-NOOP-REJECT-01: framework/kernel/outbox.NewDirectEmitter is constructed or referenced in a production composition-root (main) package; production wiring must not directly mint a raw noop/degraded event sink (a pool/cell probe cannot see a main-package noop minted before cell Init). Route demo wiring through the sealed funnel or wire real infra: outbox.ResolveEmitter / outbox.NewDirectCellEmitter (sealed).
tools/archtest/testdata/prod_main_wiring_noop_fixtures/red_qualified/violator.go:18: PROD-MAIN-WIRING-NOOP-REJECT-01: framework/kernel/outbox.DiscardPublisher is constructed or referenced in a production composition-root (main) package; production wiring must not directly mint a raw noop/degraded event sink (a pool/cell probe cannot see a main-package noop minted before cell Init). Route demo wiring through the sealed funnel or wire real infra: a real outbox.Publisher (DiscardPublisher is a test/demo-only discard sink).
tools/archtest/testdata/prod_main_wiring_noop_fixtures/red_qualified/violator.go:19: PROD-MAIN-WIRING-NOOP-REJECT-01: framework/kernel/outbox.DemoTxRunner is constructed or referenced in a production composition-root (main) package; production wiring must not directly mint a raw noop/degraded event sink (a pool/cell probe cannot see a main-package noop minted before cell Init). Route demo wiring through the sealed funnel or wire real infra: outbox.DemoCellTxManager() (sealed demo funnel) or a real persistence.TxRunner.
tools/archtest/testdata/prod_main_wiring_noop_fixtures/red_qualified/violator.go:25: PROD-MAIN-WIRING-NOOP-REJECT-01: framework/kernel/outbox.NoopWriter is constructed or referenced in a production composition-root (main) package; production wiring must not directly mint a raw noop/degraded event sink (a pool/cell probe cannot see a main-package noop minted before cell Init). Route demo wiring through the sealed funnel or wire real infra: outbox.DemoCellEmitter() (sealed demo funnel) or a real outbox.Writer.
