tools/archtest/testdata/saga_constructor_nilguard_fixtures/red_unguarded_param/fixture.go:20: SAGA-CONSTRUCTOR-NIL-GUARD-01: constructor NewUnguarded has interface parameter dep (type github.com/ghbvf/gocell/tools/archtest/testdata/saga_constructor_nilguard_fixtures/red_unguarded_param.MyInterface) without a guard call (IsNilInterface or clock.MustHaveClock); add validation.IsNilInterface(dep) or clock.MustHaveClock(dep, ...)
