tools/archtest/testdata/eventually_funnel_fixtures/assert_eventually_collect_red/usage.go:15: bare assert.EventuallyWithT call — use testwait.External(t, reason, ...) for synchronous polling or testwait.Deterministic(t, ch, ...) for channel waits (see github.com/ghbvf/gocell/framework/pkg/testutil/testwait or run: go doc ./pkg/testutil/testwait)
