usage.go:19: errcode.New(...) message must be a const literal (got *ast.CallExpr) — move runtime data to WithDetails(errcode.PublicAttr(...)) or WithInternal(errcode.InternalAttr(...))
usage.go:26: errcode.Wrap(...) message must be a const literal (got *ast.CallExpr) — move runtime data to WithDetails(errcode.PublicAttr(...)) or WithInternal(errcode.InternalAttr(...))
usage.go:33: errcode.New(...) message must be a const literal (got *ast.BinaryExpr) — move runtime data to WithDetails(errcode.PublicAttr(...)) or WithInternal(errcode.InternalAttr(...))
usage.go:41: httputil.WritePublic(...) message must be a const literal (got *ast.CallExpr) — move runtime data to WithDetails(errcode.PublicAttr(...)) or WithInternal(errcode.InternalAttr(...))
usage.go:50: ctxcancel.WrapOrInfra(...) message must be a const literal (got *ast.CallExpr) — move runtime data to WithDetails(errcode.PublicAttr(...)) or WithInternal(errcode.InternalAttr(...))
