tools/archtest/testdata/slog_capture_funnel_fixtures/struct_field_ref_red/usage.go:21: indirect reference to healthtest.NewCapture (function value / pointer pass-through / struct-field binding); it mutates global slog.Default() (#1490) — capture via healthtest.NewLoggerCapture() at the callsite instead
