service.go:14: input Config/Options struct BarConfig declares exported Clock field of type clock.Clock; clock must enter via positional parameter, not struct literal — struct-field injection lets callers omit the clock at compile time. ref: docs/architecture/202605270000-adr-clock-positional-injection-funnel.md
service.go:20: input Config/Options struct BarOptions declares exported Clock field of type clock.Clock; clock must enter via positional parameter, not struct literal — struct-field injection lets callers omit the clock at compile time. ref: docs/architecture/202605270000-adr-clock-positional-injection-funnel.md
service.go:25: input Config/Options struct BarOpts declares exported Clock field of type clock.Clock; clock must enter via positional parameter, not struct literal — struct-field injection lets callers omit the clock at compile time. ref: docs/architecture/202605270000-adr-clock-positional-injection-funnel.md
