# Publishable module set — DERIVED from go.work minus examples/ + tests/ + cmd/.
# Regenerate intentionally: make update-modrelease-golden
# <reldir>\t<import-path>
adapters/adapterutil	github.com/ghbvf/gocell/adapters/adapterutil
adapters/grpc	github.com/ghbvf/gocell/adapters/grpc
adapters/mqtt	github.com/ghbvf/gocell/adapters/mqtt
adapters/oidc	github.com/ghbvf/gocell/adapters/oidc
adapters/otel	github.com/ghbvf/gocell/adapters/otel
adapters/postgres	github.com/ghbvf/gocell/adapters/postgres
adapters/prometheus	github.com/ghbvf/gocell/adapters/prometheus
adapters/rabbitmq	github.com/ghbvf/gocell/adapters/rabbitmq
adapters/ratelimit	github.com/ghbvf/gocell/adapters/ratelimit
adapters/redis	github.com/ghbvf/gocell/adapters/redis
adapters/s3	github.com/ghbvf/gocell/adapters/s3
adapters/softca	github.com/ghbvf/gocell/adapters/softca
adapters/vault	github.com/ghbvf/gocell/adapters/vault
adapters/websocket	github.com/ghbvf/gocell/adapters/websocket
cellmodules	github.com/ghbvf/gocell/cellmodules
corecells	github.com/ghbvf/gocell/corecells
framework	github.com/ghbvf/gocell/framework
generated	github.com/ghbvf/gocell/generated
tests	github.com/ghbvf/gocell/tests
tools	github.com/ghbvf/gocell/tools
