tools/archtest/testdata/saga_step_run_outside_tx_fixtures/red_aliased_stepfunc_call/violator.go:22: SAGA-STEP-RUN-OUTSIDE-TX-01-A1: saga.StepFunc CallExpr outside safeRun body — StepFunc must only be invoked from safeRun (user step code outside DB tx invariant)
tools/archtest/testdata/saga_step_run_outside_tx_fixtures/red_aliased_stepfunc_call/violator.go:28: SAGA-STEP-RUN-OUTSIDE-TX-01-A1: saga.StepFunc CallExpr outside safeRun body — StepFunc must only be invoked from safeRun (user step code outside DB tx invariant)
tools/archtest/testdata/saga_step_run_outside_tx_fixtures/red_aliased_stepfunc_call/violator.go:35: SAGA-STEP-RUN-OUTSIDE-TX-01-A1: saga.StepFunc CallExpr outside safeRun body — StepFunc must only be invoked from safeRun (user step code outside DB tx invariant)
