tools/archtest/testdata/saga_constructor_nilguard_fixtures/red_anonymous_param/fixture.go:19: SAGA-CONSTRUCTOR-NIL-GUARD-01: constructor NewUnnamed has an unnamed interface parameter (type github.com/ghbvf/gocell/tools/archtest/testdata/saga_constructor_nilguard_fixtures/red_anonymous_param.MyInterface) that cannot be nil-guarded; give it a name and add validation.IsNilInterface(<param>) (or clock.MustHaveClock)
tools/archtest/testdata/saga_constructor_nilguard_fixtures/red_anonymous_param/fixture.go:24: SAGA-CONSTRUCTOR-NIL-GUARD-01: constructor NewBlank has a blank-identifier interface parameter (type github.com/ghbvf/gocell/tools/archtest/testdata/saga_constructor_nilguard_fixtures/red_anonymous_param.MyInterface) that cannot be nil-guarded; give it a name and add validation.IsNilInterface(<param>) (or clock.MustHaveClock)
