ERR_ADAPTER_	github.com/ghbvf/gocell
ERR_ARCHIVE_	github.com/ghbvf/gocell
ERR_ASSEMBLY_	github.com/ghbvf/gocell
ERR_AUDIT_	github.com/ghbvf/gocell
ERR_AUTH_	github.com/ghbvf/gocell
ERR_BODY_TOO_LARGE	github.com/ghbvf/gocell
ERR_BOOTSTRAP_	github.com/ghbvf/gocell
ERR_BUS_	github.com/ghbvf/gocell
ERR_CELL_	github.com/ghbvf/gocell
ERR_CERT_	github.com/ghbvf/gocell
ERR_CHECKREF_	github.com/ghbvf/gocell
ERR_CIRCUIT_	github.com/ghbvf/gocell
ERR_CLIENT_	github.com/ghbvf/gocell
ERR_COMMAND_	github.com/ghbvf/gocell
ERR_CONFIG_	github.com/ghbvf/gocell
ERR_CONFLICT	github.com/ghbvf/gocell
ERR_CONTRACT_	github.com/ghbvf/gocell
ERR_CONTROLPLANE_	github.com/ghbvf/gocell
ERR_CSRF_	github.com/ghbvf/gocell
ERR_CURSOR_	github.com/ghbvf/gocell
ERR_DEPENDENCY_CYCLE	github.com/ghbvf/gocell
ERR_DEVICE_	github.com/ghbvf/gocell
ERR_DISTLOCK_	github.com/ghbvf/gocell
ERR_ENVELOPE_	github.com/ghbvf/gocell
ERR_FENCED_	github.com/ghbvf/gocell
ERR_FLAG_	github.com/ghbvf/gocell
ERR_GRPC_	github.com/ghbvf/gocell
ERR_IDEMPOTENCY_	github.com/ghbvf/gocell
ERR_INTERNAL	github.com/ghbvf/gocell
ERR_INVALID_TIME_FORMAT	github.com/ghbvf/gocell
ERR_JOURNEY_	github.com/ghbvf/gocell
ERR_KEY_	github.com/ghbvf/gocell
ERR_LIFECYCLE_INVALID	github.com/ghbvf/gocell
ERR_LISTENER_	github.com/ghbvf/gocell
ERR_METADATA_	github.com/ghbvf/gocell
ERR_METRICS_	github.com/ghbvf/gocell
ERR_NOT_FOUND	github.com/ghbvf/gocell
ERR_NOT_IMPLEMENTED	github.com/ghbvf/gocell
ERR_OBSERVABILITY_	github.com/ghbvf/gocell
ERR_ORDER_	github.com/ghbvf/gocell
ERR_OUTBOX_	github.com/ghbvf/gocell
ERR_PAGE_	github.com/ghbvf/gocell
ERR_PG_	github.com/ghbvf/gocell
ERR_PROJECTION_	github.com/ghbvf/gocell
ERR_RATE_LIMITED	github.com/ghbvf/gocell
ERR_READYZ_	github.com/ghbvf/gocell
ERR_RECONCILE_	github.com/ghbvf/gocell
ERR_REFERENCE_BROKEN	github.com/ghbvf/gocell
ERR_REFRESH_	github.com/ghbvf/gocell
ERR_RELAY_	github.com/ghbvf/gocell
ERR_SAGA_	github.com/ghbvf/gocell
ERR_SCAFFOLD_	github.com/ghbvf/gocell
ERR_SECURECOOKIE_	github.com/ghbvf/gocell
ERR_SERVER_	github.com/ghbvf/gocell
ERR_SERVICE_UNAVAILABLE	github.com/ghbvf/gocell
ERR_SESSION_	github.com/ghbvf/gocell
ERR_SETUP_	github.com/ghbvf/gocell
ERR_SLICE_	github.com/ghbvf/gocell
ERR_TEST_	github.com/ghbvf/gocell
ERR_UPSTREAM_CELL_UNAVAILABLE	github.com/ghbvf/gocell
ERR_VALIDATION_	github.com/ghbvf/gocell
ERR_VAULT_	github.com/ghbvf/gocell
ERR_VERSION_CONFLICT	github.com/ghbvf/gocell
ERR_WEBHOOK_	github.com/ghbvf/gocell
ERR_WEBSOCKET_	github.com/ghbvf/gocell
ERR_WORKER_	github.com/ghbvf/gocell
ERR_WS_	github.com/ghbvf/gocell
ERR_ZERO_TEST_MATCH	github.com/ghbvf/gocell
