tools/archtest/testdata/eventually_funnel_fixtures/assertions_method_call_red/usage.go:19: bare require.Eventually call — use testwait.External(t, reason, ...) for synchronous polling or testwait.Deterministic(t, ch, ...) for channel waits (see github.com/ghbvf/gocell/pkg/testutil/testwait or run: go doc ./pkg/testutil/testwait)
tools/archtest/testdata/eventually_funnel_fixtures/assertions_method_call_red/usage.go:25: bare assert.EventuallyWithTf call — use testwait.External(t, reason, ...) for synchronous polling or testwait.Deterministic(t, ch, ...) for channel waits (see github.com/ghbvf/gocell/pkg/testutil/testwait or run: go doc ./pkg/testutil/testwait)
