tools/archtest/testdata/aftercommit_pure_transient_fixtures/red_unallowlisted_drain/drain.go:16: AFTERCOMMIT-HOOK-PURE-TRANSIENT-01-A3: persistence.WithAfterCommitRegistry may only be called from a TxRunner implementation; tools/archtest/testdata/aftercommit_pure_transient_fixtures/red_unallowlisted_drain/drain.go is not in the allowlist
tools/archtest/testdata/aftercommit_pure_transient_fixtures/red_unallowlisted_drain/drain.go:17: AFTERCOMMIT-HOOK-PURE-TRANSIENT-01-A3: persistence.RunAfterCommitHooks may only be called from a TxRunner implementation; tools/archtest/testdata/aftercommit_pure_transient_fixtures/red_unallowlisted_drain/drain.go is not in the allowlist
