tools/archtest/testdata/scaffold_derived_fixtures/red_dot_import_call/usage.go:10: SCAFFOLD-DERIVED-FORCEOVERWRITE-01: pathsafe.DerivedOverwrite called outside tools/codegen/cellgen/stage_render.go::planDerivedArtifact — derived writes must go through the governance.IsGoCellGenerated overwrite gate (pathsafe.DerivedOverwrite is a GoCell platform-internal codegen primitive; external Cell code must never call it — remove this reference)
