tools/archtest/testdata/saga_step_run_outside_tx_fixtures/red_safe_run_wrapper_in_runintx/violator.go:36: SAGA-STEP-RUN-OUTSIDE-TX-01-A2: call inside RunInTx closure reaches safeRun — user step code would run with a DB transaction held open; move the step dispatch outside the RunInTx closure
tools/archtest/testdata/saga_step_run_outside_tx_fixtures/red_safe_run_wrapper_in_runintx/violator.go:43: SAGA-STEP-RUN-OUTSIDE-TX-01-A2: call inside RunInTx closure reaches safeRun — user step code would run with a DB transaction held open; move the step dispatch outside the RunInTx closure
tools/archtest/testdata/saga_step_run_outside_tx_fixtures/red_safe_run_wrapper_in_runintx/violator.go:52: SAGA-STEP-RUN-OUTSIDE-TX-01-A2: call inside RunInTx closure reaches safeRun — user step code would run with a DB transaction held open; move the step dispatch outside the RunInTx closure
